nohup: ignoring input

> demo@0.1.0 start
> react-scripts start

Attempting to bind to HOST environment variable: 0.0.0.0
If this was unintentional, check that you haven't mistakenly set it in your shell.
Learn more here: https://cra.link/advanced-config

(node:65118) [DEP_WEBPACK_DEV_SERVER_ON_AFTER_SETUP_MIDDLEWARE] DeprecationWarning: 'onAfterSetupMiddleware' option is deprecated. Please use the 'setupMiddlewares' option.
(Use `node --trace-deprecation ...` to show where the warning was created)
(node:65118) [DEP_WEBPACK_DEV_SERVER_ON_BEFORE_SETUP_MIDDLEWARE] DeprecationWarning: 'onBeforeSetupMiddleware' option is deprecated. Please use the 'setupMiddlewares' option.
Starting the development server...

Compiled with warnings.

[eslint] 
src/component/Address/Address.js
  Line 5:36:   'userLocation' is defined but never used            no-unused-vars
  Line 14:10:  'isEditLoading' is assigned a value but never used  no-unused-vars
  Line 16:19:  'setLoading' is assigned a value but never used     no-unused-vars

src/component/CartItems/CartItems.js
  Line 9:10:   'cart' is assigned a value but never used                                                                     no-unused-vars
  Line 9:16:   'setCart' is assigned a value but never used                                                                  no-unused-vars
  Line 103:6:  React Hook useEffect has a missing dependency: 'fetchCart'. Either include it or remove the dependency array  react-hooks/exhaustive-deps

src/component/Header/Header.js
  Line 135:6:  React Hook useEffect has missing dependencies: 'fetchCartCount' and 'fetchUser'. Either include them or remove the dependency array  react-hooks/exhaustive-deps

Search for the keywords to learn more about each warning.
To ignore, add // eslint-disable-next-line to the line before.

WARNING in [eslint] 
src/component/Address/Address.js
  Line 5:36:   'userLocation' is defined but never used            no-unused-vars
  Line 14:10:  'isEditLoading' is assigned a value but never used  no-unused-vars
  Line 16:19:  'setLoading' is assigned a value but never used     no-unused-vars

src/component/CartItems/CartItems.js
  Line 9:10:   'cart' is assigned a value but never used                                                                     no-unused-vars
  Line 9:16:   'setCart' is assigned a value but never used                                                                  no-unused-vars
  Line 103:6:  React Hook useEffect has a missing dependency: 'fetchCart'. Either include it or remove the dependency array  react-hooks/exhaustive-deps

src/component/Header/Header.js
  Line 135:6:  React Hook useEffect has missing dependencies: 'fetchCartCount' and 'fetchUser'. Either include them or remove the dependency array  react-hooks/exhaustive-deps

webpack compiled with 1 warning
Compiling...
Compiled with warnings.

[eslint] 
src/component/Address/Address.js
  Line 5:36:   'userLocation' is defined but never used            no-unused-vars
  Line 14:10:  'isEditLoading' is assigned a value but never used  no-unused-vars
  Line 16:19:  'setLoading' is assigned a value but never used     no-unused-vars

src/component/CartItems/CartItems.js
  Line 9:10:   'cart' is assigned a value but never used                                                                     no-unused-vars
  Line 9:16:   'setCart' is assigned a value but never used                                                                  no-unused-vars
  Line 103:6:  React Hook useEffect has a missing dependency: 'fetchCart'. Either include it or remove the dependency array  react-hooks/exhaustive-deps

src/component/Header/Header.js
  Line 135:6:  React Hook useEffect has missing dependencies: 'fetchCartCount' and 'fetchUser'. Either include them or remove the dependency array  react-hooks/exhaustive-deps

Search for the keywords to learn more about each warning.
To ignore, add // eslint-disable-next-line to the line before.

WARNING in [eslint] 
src/component/Address/Address.js
  Line 5:36:   'userLocation' is defined but never used            no-unused-vars
  Line 14:10:  'isEditLoading' is assigned a value but never used  no-unused-vars
  Line 16:19:  'setLoading' is assigned a value but never used     no-unused-vars

src/component/CartItems/CartItems.js
  Line 9:10:   'cart' is assigned a value but never used                                                                     no-unused-vars
  Line 9:16:   'setCart' is assigned a value but never used                                                                  no-unused-vars
  Line 103:6:  React Hook useEffect has a missing dependency: 'fetchCart'. Either include it or remove the dependency array  react-hooks/exhaustive-deps

src/component/Header/Header.js
  Line 135:6:  React Hook useEffect has missing dependencies: 'fetchCartCount' and 'fetchUser'. Either include them or remove the dependency array  react-hooks/exhaustive-deps

webpack compiled with 1 warning
Compiling...
Compiled with warnings.

[eslint] 
src/component/Address/Address.js
  Line 5:36:   'userLocation' is defined but never used            no-unused-vars
  Line 14:10:  'isEditLoading' is assigned a value but never used  no-unused-vars
  Line 16:19:  'setLoading' is assigned a value but never used     no-unused-vars

src/component/CartItems/CartItems.js
  Line 9:10:   'cart' is assigned a value but never used                                                                     no-unused-vars
  Line 9:16:   'setCart' is assigned a value but never used                                                                  no-unused-vars
  Line 103:6:  React Hook useEffect has a missing dependency: 'fetchCart'. Either include it or remove the dependency array  react-hooks/exhaustive-deps

src/component/Dashboard/Dashboard.js
  Line 69:6:  React Hook useEffect has missing dependencies: 'categoryFetchData' and 'subcategoryFetchData'. Either include them or remove the dependency array  react-hooks/exhaustive-deps

src/component/Header/Header.js
  Line 135:6:  React Hook useEffect has missing dependencies: 'fetchCartCount' and 'fetchUser'. Either include them or remove the dependency array  react-hooks/exhaustive-deps

Search for the keywords to learn more about each warning.
To ignore, add // eslint-disable-next-line to the line before.

WARNING in [eslint] 
src/component/Address/Address.js
  Line 5:36:   'userLocation' is defined but never used            no-unused-vars
  Line 14:10:  'isEditLoading' is assigned a value but never used  no-unused-vars
  Line 16:19:  'setLoading' is assigned a value but never used     no-unused-vars

src/component/CartItems/CartItems.js
  Line 9:10:   'cart' is assigned a value but never used                                                                     no-unused-vars
  Line 9:16:   'setCart' is assigned a value but never used                                                                  no-unused-vars
  Line 103:6:  React Hook useEffect has a missing dependency: 'fetchCart'. Either include it or remove the dependency array  react-hooks/exhaustive-deps

src/component/Dashboard/Dashboard.js
  Line 69:6:  React Hook useEffect has missing dependencies: 'categoryFetchData' and 'subcategoryFetchData'. Either include them or remove the dependency array  react-hooks/exhaustive-deps

src/component/Header/Header.js
  Line 135:6:  React Hook useEffect has missing dependencies: 'fetchCartCount' and 'fetchUser'. Either include them or remove the dependency array  react-hooks/exhaustive-deps

webpack compiled with 1 warning
